// Jest Snapshot v1, https://goo.gl/fbAQLP

exports[`Form should render correctly 1`] = `
<form
  action="#"
  className="form"
  onSubmit={[Function]}
>
  <div
    className="form__field"
  >
    <label
      className="form__label"
      htmlFor="firstName"
    >
      First name:
    </label>
    <input
      className="form__input"
      id="firstName"
      name="firstName"
      onChange={[Function]}
      placeholder="Please, type your first name..."
      type="text"
      value=""
    />
  </div>
  <div
    className="form__field"
  >
    <label
      className="form__label"
      htmlFor="lastName"
    >
      Last name:
    </label>
    <input
      className="form__input"
      id="lastName"
      name="lastName"
      onChange={[Function]}
      placeholder="Please, type your last name..."
      type="text"
      value=""
    />
  </div>
  <div
    className="form__field"
  >
    <label
      className="form__label"
      htmlFor="email"
    >
      Email:
    </label>
    <input
      className="form__input"
      id="email"
      name="email"
      onChange={[Function]}
      placeholder="Please, type your email..."
      type="email"
      value=""
    />
  </div>
  <div
    className="form__field"
  >
    <label
      className="form__label"
      htmlFor="birthDate"
    >
      Date of birth:
    </label>
    <input
      className="form__input"
      id="birthDate"
      name="birthDate"
      onChange={[Function]}
      placeholder="Please, type your date of birth..."
      type="date"
      value=""
    />
  </div>
  <button
    className="form__submit"
    type="submit"
  >
    Submit
  </button>
</form>
`;
