// Jest Snapshot v1, https://goo.gl/fbAQLP

exports[`App initial test 1`] = `ShallowWrapper {}`;
